mode: set
github.com/balcieren/gormsearch/dispatcher.go:20.145,27.2 1 1
github.com/balcieren/gormsearch/dispatcher.go:32.74,34.9 1 1
github.com/balcieren/gormsearch/dispatcher.go:35.20,36.19 1 1
github.com/balcieren/gormsearch/dispatcher.go:37.10,37.10 0 1
github.com/balcieren/gormsearch/dispatcher.go:40.2,40.37 1 1
github.com/balcieren/gormsearch/dispatcher.go:40.37,41.47 1 1
github.com/balcieren/gormsearch/dispatcher.go:41.47,43.4 1 1
github.com/balcieren/gormsearch/dispatcher.go:45.2,45.12 1 1
github.com/balcieren/gormsearch/dispatcher.go:50.96,51.19 1 1
github.com/balcieren/gormsearch/dispatcher.go:51.19,53.3 1 1
github.com/balcieren/gormsearch/dispatcher.go:55.2,57.23 2 1
github.com/balcieren/gormsearch/dispatcher.go:58.16,60.13 2 1
github.com/balcieren/gormsearch/dispatcher.go:61.16,63.13 2 1
github.com/balcieren/gormsearch/dispatcher.go:64.16,66.13 2 1
github.com/balcieren/gormsearch/dispatcher.go:68.2,68.12 1 1
github.com/balcieren/gormsearch/dispatcher.go:73.64,75.2 1 1
github.com/balcieren/gormsearch/dispatcher.go:77.84,79.2 1 1
github.com/balcieren/gormsearch/dispatcher.go:82.83,84.9 1 1
github.com/balcieren/gormsearch/dispatcher.go:85.20,86.9 1 0
github.com/balcieren/gormsearch/dispatcher.go:87.10,87.10 0 1
github.com/balcieren/gormsearch/dispatcher.go:90.2,93.15 3 1
github.com/balcieren/gormsearch/dispatcher.go:93.15,94.51 1 1
github.com/balcieren/gormsearch/dispatcher.go:94.51,96.4 1 1
github.com/balcieren/gormsearch/dispatcher.go:99.2,99.49 1 1
github.com/balcieren/gormsearch/dispatcher.go:99.49,101.3 1 1
github.com/balcieren/gormsearch/dispatcher.go:105.90,107.21 2 1
github.com/balcieren/gormsearch/dispatcher.go:107.21,109.3 1 1
github.com/balcieren/gormsearch/dispatcher.go:111.2,112.34 2 1
github.com/balcieren/gormsearch/dispatcher.go:112.34,114.10 1 1
github.com/balcieren/gormsearch/dispatcher.go:115.21,116.22 1 0
github.com/balcieren/gormsearch/dispatcher.go:116.22,118.5 1 0
github.com/balcieren/gormsearch/dispatcher.go:119.4,119.20 1 0
github.com/balcieren/gormsearch/dispatcher.go:120.11,120.11 0 1
github.com/balcieren/gormsearch/dispatcher.go:123.3,123.30 1 1
github.com/balcieren/gormsearch/dispatcher.go:123.30,128.11 3 1
github.com/balcieren/gormsearch/dispatcher.go:129.22,130.19 1 1
github.com/balcieren/gormsearch/dispatcher.go:131.31,132.13 1 1
github.com/balcieren/gormsearch/dispatcher.go:135.3,135.13 1 1
github.com/balcieren/gormsearch/dispatcher.go:137.2,137.16 1 1
github.com/balcieren/gormsearch/dispatcher.go:145.37,147.2 1 1
github.com/balcieren/gormsearch/dispatcher.go:149.29,150.29 1 1
github.com/balcieren/gormsearch/dispatcher.go:150.29,152.3 1 1
github.com/balcieren/gormsearch/dispatcher.go:153.2,153.28 1 1
github.com/balcieren/gormsearch/dispatcher.go:153.28,155.3 1 1
github.com/balcieren/gormsearch/dispatcher.go:156.2,156.24 1 1
github.com/balcieren/gormsearch/dispatcher.go:166.72,168.16 2 1
github.com/balcieren/gormsearch/dispatcher.go:168.16,170.3 1 0
github.com/balcieren/gormsearch/dispatcher.go:171.2,171.29 1 1
github.com/balcieren/gormsearch/dispatcher.go:176.68,178.51 2 1
github.com/balcieren/gormsearch/dispatcher.go:178.51,180.3 1 1
github.com/balcieren/gormsearch/dispatcher.go:181.2,181.29 1 1
github.com/balcieren/gormsearch/filter.go:14.33,16.2 1 1
github.com/balcieren/gormsearch/filter.go:19.56,24.2 1 1
github.com/balcieren/gormsearch/filter.go:27.46,28.22 1 1
github.com/balcieren/gormsearch/filter.go:28.22,30.3 1 1
github.com/balcieren/gormsearch/filter.go:31.2,31.10 1 1
github.com/balcieren/gormsearch/filter.go:35.45,36.22 1 1
github.com/balcieren/gormsearch/filter.go:36.22,38.3 1 1
github.com/balcieren/gormsearch/filter.go:39.2,39.10 1 1
github.com/balcieren/gormsearch/filter.go:43.71,46.24 3 1
github.com/balcieren/gormsearch/filter.go:46.24,48.3 1 1
github.com/balcieren/gormsearch/filter.go:49.2,49.10 1 1
github.com/balcieren/gormsearch/filter.go:53.40,55.2 1 1
github.com/balcieren/gormsearch/filter.go:64.50,67.2 2 1
github.com/balcieren/gormsearch/filter.go:70.51,73.2 2 1
github.com/balcieren/gormsearch/filter.go:76.50,79.2 2 1
github.com/balcieren/gormsearch/filter.go:82.51,85.2 2 1
github.com/balcieren/gormsearch/filter.go:88.50,91.2 2 1
github.com/balcieren/gormsearch/filter.go:94.51,97.2 2 1
github.com/balcieren/gormsearch/filter.go:100.54,102.27 2 1
github.com/balcieren/gormsearch/filter.go:102.27,104.3 1 1
github.com/balcieren/gormsearch/filter.go:105.2,106.18 2 1
github.com/balcieren/gormsearch/filter.go:110.32,111.25 1 1
github.com/balcieren/gormsearch/filter.go:112.14,113.66 1 1
github.com/balcieren/gormsearch/filter.go:114.10,115.32 1 1
github.com/balcieren/gormsearch/filter.go:120.86,123.2 2 1
github.com/balcieren/gormsearch/generics.go:45.45,50.2 1 1
github.com/balcieren/gormsearch/generics.go:55.69,60.2 1 1
github.com/balcieren/gormsearch/generics.go:63.97,65.2 1 1
github.com/balcieren/gormsearch/generics.go:68.113,70.2 1 1
github.com/balcieren/gormsearch/generics.go:73.95,75.2 1 1
github.com/balcieren/gormsearch/generics.go:88.106,90.2 1 1
github.com/balcieren/gormsearch/generics.go:93.116,95.2 1 1
github.com/balcieren/gormsearch/generics.go:98.103,100.2 1 1
github.com/balcieren/gormsearch/generics.go:106.116,108.16 2 1
github.com/balcieren/gormsearch/generics.go:108.16,110.3 1 1
github.com/balcieren/gormsearch/generics.go:112.2,113.53 2 1
github.com/balcieren/gormsearch/generics.go:113.53,114.66 1 1
github.com/balcieren/gormsearch/generics.go:114.66,116.4 1 1
github.com/balcieren/gormsearch/generics.go:117.8,119.17 2 1
github.com/balcieren/gormsearch/generics.go:119.17,121.4 1 0
github.com/balcieren/gormsearch/generics.go:124.2,132.8 1 1
github.com/balcieren/gormsearch/generics.go:135.103,137.16 2 1
github.com/balcieren/gormsearch/generics.go:137.16,139.3 1 1
github.com/balcieren/gormsearch/generics.go:141.2,142.35 2 1
github.com/balcieren/gormsearch/generics.go:142.35,144.54 2 1
github.com/balcieren/gormsearch/generics.go:144.54,145.62 1 0
github.com/balcieren/gormsearch/generics.go:145.62,147.5 1 0
github.com/balcieren/gormsearch/generics.go:148.9,151.18 3 1
github.com/balcieren/gormsearch/generics.go:151.18,153.5 1 0
github.com/balcieren/gormsearch/generics.go:156.3,164.5 1 1
github.com/balcieren/gormsearch/generics.go:167.2,170.8 1 1
github.com/balcieren/gormsearch/generics.go:173.35,176.14 3 1
github.com/balcieren/gormsearch/generics.go:176.14,178.3 1 0
github.com/balcieren/gormsearch/generics.go:179.2,179.29 1 1
github.com/balcieren/gormsearch/generics.go:179.29,181.3 1 0
github.com/balcieren/gormsearch/generics.go:183.2,184.48 2 1
github.com/balcieren/gormsearch/generics.go:184.48,186.3 1 1
github.com/balcieren/gormsearch/generics.go:188.2,189.16 2 1
github.com/balcieren/gormsearch/generics.go:189.16,191.3 1 0
github.com/balcieren/gormsearch/generics.go:193.2,194.25 2 1
github.com/balcieren/gormsearch/generics.go:198.60,200.2 1 1
github.com/balcieren/gormsearch/generics.go:203.60,205.27 2 1
github.com/balcieren/gormsearch/generics.go:205.27,207.47 2 1
github.com/balcieren/gormsearch/generics.go:207.47,209.4 1 0
github.com/balcieren/gormsearch/generics.go:210.3,210.32 1 1
github.com/balcieren/gormsearch/generics.go:212.2,212.20 1 1
github.com/balcieren/gormsearch/generics.go:218.60,220.27 2 1
github.com/balcieren/gormsearch/generics.go:220.27,222.17 2 1
github.com/balcieren/gormsearch/generics.go:222.17,224.4 1 0
github.com/balcieren/gormsearch/generics.go:225.3,226.53 2 1
github.com/balcieren/gormsearch/generics.go:226.53,228.4 1 1
github.com/balcieren/gormsearch/generics.go:229.3,229.32 1 1
github.com/balcieren/gormsearch/generics.go:231.2,231.20 1 1
github.com/balcieren/gormsearch/generics.go:235.88,237.27 2 1
github.com/balcieren/gormsearch/generics.go:237.27,240.55 2 1
github.com/balcieren/gormsearch/generics.go:240.55,242.4 1 0
github.com/balcieren/gormsearch/generics.go:243.3,243.32 1 1
github.com/balcieren/gormsearch/generics.go:245.2,245.20 1 1
github.com/balcieren/gormsearch/generics.go:265.77,267.27 2 1
github.com/balcieren/gormsearch/generics.go:267.27,269.3 1 1
github.com/balcieren/gormsearch/generics.go:271.2,275.68 1 1
github.com/balcieren/gormsearch/generics.go:275.68,278.18 2 1
github.com/balcieren/gormsearch/generics.go:278.18,280.5 1 0
github.com/balcieren/gormsearch/generics.go:281.4,282.14 2 1
github.com/balcieren/gormsearch/generics.go:284.71,286.48 2 1
github.com/balcieren/gormsearch/generics.go:286.48,288.5 1 0
github.com/balcieren/gormsearch/generics.go:289.4,290.14 2 1
github.com/balcieren/gormsearch/generics.go:296.93,298.27 2 1
github.com/balcieren/gormsearch/generics.go:298.27,300.3 1 1
github.com/balcieren/gormsearch/generics.go:302.2,306.68 1 1
github.com/balcieren/gormsearch/generics.go:306.68,308.18 2 1
github.com/balcieren/gormsearch/generics.go:308.18,310.5 1 0
github.com/balcieren/gormsearch/generics.go:311.4,312.14 2 1
github.com/balcieren/gormsearch/generics.go:314.71,316.48 2 1
github.com/balcieren/gormsearch/generics.go:316.48,318.5 1 0
github.com/balcieren/gormsearch/generics.go:319.4,320.14 2 1
github.com/balcieren/gormsearch/generics.go:336.82,337.23 1 1
github.com/balcieren/gormsearch/generics.go:337.23,339.3 1 0
github.com/balcieren/gormsearch/generics.go:342.2,343.28 2 1
github.com/balcieren/gormsearch/generics.go:343.28,352.3 1 1
github.com/balcieren/gormsearch/generics.go:355.2,356.16 2 1
github.com/balcieren/gormsearch/generics.go:356.16,358.3 1 1
github.com/balcieren/gormsearch/generics.go:360.2,363.28 2 1
github.com/balcieren/gormsearch/generics.go:363.28,364.32 1 1
github.com/balcieren/gormsearch/generics.go:364.32,365.9 1 0
github.com/balcieren/gormsearch/generics.go:367.3,380.54 3 1
github.com/balcieren/gormsearch/generics.go:380.54,381.71 1 1
github.com/balcieren/gormsearch/generics.go:381.71,383.5 1 0
github.com/balcieren/gormsearch/generics.go:384.9,386.54 1 1
github.com/balcieren/gormsearch/generics.go:386.54,388.5 1 0
github.com/balcieren/gormsearch/generics.go:392.2,392.29 1 1
github.com/balcieren/gormsearch/gormsearch.go:17.95,18.15 1 1
github.com/balcieren/gormsearch/gormsearch.go:18.15,20.3 1 1
github.com/balcieren/gormsearch/gormsearch.go:21.2,21.19 1 1
github.com/balcieren/gormsearch/gormsearch.go:21.19,23.3 1 1
github.com/balcieren/gormsearch/gormsearch.go:25.2,31.27 2 1
github.com/balcieren/gormsearch/gormsearch.go:31.27,33.3 1 1
github.com/balcieren/gormsearch/gormsearch.go:36.2,36.30 1 1
github.com/balcieren/gormsearch/gormsearch.go:36.30,43.3 1 1
github.com/balcieren/gormsearch/gormsearch.go:46.2,46.56 1 1
github.com/balcieren/gormsearch/gormsearch.go:46.56,47.32 1 0
github.com/balcieren/gormsearch/gormsearch.go:47.32,49.4 1 0
github.com/balcieren/gormsearch/gormsearch.go:49.9,51.4 1 0
github.com/balcieren/gormsearch/gormsearch.go:54.2,62.8 1 1
github.com/balcieren/gormsearch/gormsearch.go:67.68,71.2 3 1
github.com/balcieren/gormsearch/gormsearch.go:74.90,76.16 2 1
github.com/balcieren/gormsearch/gormsearch.go:76.16,77.13 1 1
github.com/balcieren/gormsearch/gormsearch.go:79.2,79.11 1 0
github.com/balcieren/gormsearch/gormsearch.go:85.49,86.18 1 1
github.com/balcieren/gormsearch/gormsearch.go:86.18,88.3 1 1
github.com/balcieren/gormsearch/gormsearch.go:90.2,91.16 2 1
github.com/balcieren/gormsearch/gormsearch.go:91.16,93.3 1 0
github.com/balcieren/gormsearch/gormsearch.go:96.2,96.33 1 1
github.com/balcieren/gormsearch/gormsearch.go:96.33,98.3 1 0
github.com/balcieren/gormsearch/gormsearch.go:101.2,107.50 5 1
github.com/balcieren/gormsearch/gormsearch.go:107.50,109.3 1 0
github.com/balcieren/gormsearch/gormsearch.go:112.2,114.12 2 1
github.com/balcieren/gormsearch/gormsearch.go:118.65,126.16 3 1
github.com/balcieren/gormsearch/gormsearch.go:126.17,128.3 0 0
github.com/balcieren/gormsearch/gormsearch.go:130.2,133.27 2 1
github.com/balcieren/gormsearch/gormsearch.go:133.27,134.59 1 1
github.com/balcieren/gormsearch/gormsearch.go:134.59,136.4 1 0
github.com/balcieren/gormsearch/gormsearch.go:139.2,139.12 1 1
github.com/balcieren/gormsearch/gormsearch.go:143.80,147.56 2 1
github.com/balcieren/gormsearch/gormsearch.go:147.56,149.3 1 0
github.com/balcieren/gormsearch/gormsearch.go:151.2,151.21 1 1
github.com/balcieren/gormsearch/gormsearch.go:151.21,153.3 1 1
github.com/balcieren/gormsearch/gormsearch.go:156.2,156.81 1 1
github.com/balcieren/gormsearch/gormsearch.go:156.81,158.3 1 1
github.com/balcieren/gormsearch/gormsearch.go:159.2,159.81 1 1
github.com/balcieren/gormsearch/gormsearch.go:159.81,161.3 1 1
github.com/balcieren/gormsearch/gormsearch.go:162.2,162.77 1 1
github.com/balcieren/gormsearch/gormsearch.go:162.77,164.3 1 1
github.com/balcieren/gormsearch/gormsearch.go:166.2,166.17 1 1
github.com/balcieren/gormsearch/gormsearch.go:170.48,181.2 1 1
github.com/balcieren/gormsearch/gormsearch.go:184.45,186.16 2 1
github.com/balcieren/gormsearch/gormsearch.go:186.16,188.3 1 1
github.com/balcieren/gormsearch/gormsearch.go:190.2,190.18 1 1
github.com/balcieren/gormsearch/gormsearch.go:190.18,192.3 1 1
github.com/balcieren/gormsearch/gormsearch.go:194.2,195.16 2 0
github.com/balcieren/gormsearch/gormsearch.go:195.16,197.3 1 0
github.com/balcieren/gormsearch/gormsearch.go:200.2,200.33 1 0
github.com/balcieren/gormsearch/gormsearch.go:200.33,202.3 1 0
github.com/balcieren/gormsearch/gormsearch.go:204.2,212.37 5 0
github.com/balcieren/gormsearch/gormsearch.go:212.37,214.3 1 0
github.com/balcieren/gormsearch/gormsearch.go:215.2,222.136 4 0
github.com/balcieren/gormsearch/gormsearch.go:222.136,224.10 1 0
github.com/balcieren/gormsearch/gormsearch.go:225.21,226.20 1 0
github.com/balcieren/gormsearch/gormsearch.go:227.11,227.11 0 0
github.com/balcieren/gormsearch/gormsearch.go:231.3,232.26 2 0
github.com/balcieren/gormsearch/gormsearch.go:232.26,234.4 1 0
github.com/balcieren/gormsearch/gormsearch.go:237.3,237.38 1 0
github.com/balcieren/gormsearch/gormsearch.go:237.38,239.4 1 0
github.com/balcieren/gormsearch/gormsearch.go:239.9,241.4 1 0
github.com/balcieren/gormsearch/gormsearch.go:243.3,243.39 1 0
github.com/balcieren/gormsearch/gormsearch.go:243.39,247.18 3 0
github.com/balcieren/gormsearch/gormsearch.go:247.18,250.33 1 0
github.com/balcieren/gormsearch/gormsearch.go:250.33,252.6 1 0
github.com/balcieren/gormsearch/gormsearch.go:253.5,253.13 1 0
github.com/balcieren/gormsearch/gormsearch.go:255.4,255.38 1 0
github.com/balcieren/gormsearch/gormsearch.go:258.3,258.25 1 0
github.com/balcieren/gormsearch/gormsearch.go:258.25,259.81 1 0
github.com/balcieren/gormsearch/gormsearch.go:259.81,261.5 1 0
github.com/balcieren/gormsearch/gormsearch.go:263.3,263.13 1 0
github.com/balcieren/gormsearch/gormsearch.go:266.2,266.12 1 0
github.com/balcieren/gormsearch/gormsearch.go:270.59,272.2 1 1
github.com/balcieren/gormsearch/gormsearch.go:275.37,277.2 1 1
github.com/balcieren/gormsearch/gormsearch.go:280.72,285.2 4 1
github.com/balcieren/gormsearch/hooks.go:11.62,14.94 2 1
github.com/balcieren/gormsearch/hooks.go:14.94,16.3 1 1
github.com/balcieren/gormsearch/hooks.go:18.2,18.94 1 1
github.com/balcieren/gormsearch/hooks.go:18.94,20.3 1 1
github.com/balcieren/gormsearch/hooks.go:22.2,22.94 1 1
github.com/balcieren/gormsearch/hooks.go:22.94,24.3 1 1
github.com/balcieren/gormsearch/hooks.go:35.36,36.11 1 1
github.com/balcieren/gormsearch/hooks.go:37.16,38.18 1 1
github.com/balcieren/gormsearch/hooks.go:39.16,40.18 1 1
github.com/balcieren/gormsearch/hooks.go:41.16,42.18 1 1
github.com/balcieren/gormsearch/hooks.go:43.10,44.19 1 1
github.com/balcieren/gormsearch/hooks.go:49.84,50.50 1 1
github.com/balcieren/gormsearch/hooks.go:50.50,52.3 1 0
github.com/balcieren/gormsearch/hooks.go:54.2,54.50 1 1
github.com/balcieren/gormsearch/hooks.go:54.50,56.3 1 0
github.com/balcieren/gormsearch/hooks.go:58.2,59.14 2 1
github.com/balcieren/gormsearch/hooks.go:59.14,61.3 1 0
github.com/balcieren/gormsearch/hooks.go:63.2,67.12 4 1
github.com/balcieren/gormsearch/hooks.go:68.26,71.38 2 1
github.com/balcieren/gormsearch/hooks.go:71.38,73.4 1 1
github.com/balcieren/gormsearch/hooks.go:74.3,79.35 3 1
github.com/balcieren/gormsearch/hooks.go:79.35,82.4 1 1
github.com/balcieren/gormsearch/hooks.go:84.3,84.74 1 1
github.com/balcieren/gormsearch/hooks.go:84.74,85.32 1 1
github.com/balcieren/gormsearch/hooks.go:85.32,87.5 1 0
github.com/balcieren/gormsearch/hooks.go:88.4,88.10 1 1
github.com/balcieren/gormsearch/hooks.go:92.3,92.41 1 1
github.com/balcieren/gormsearch/hooks.go:92.41,94.9 2 0
github.com/balcieren/gormsearch/hooks.go:97.3,98.17 2 1
github.com/balcieren/gormsearch/hooks.go:98.17,99.32 1 0
github.com/balcieren/gormsearch/hooks.go:99.32,101.5 1 0
github.com/balcieren/gormsearch/hooks.go:102.4,102.10 1 0
github.com/balcieren/gormsearch/hooks.go:104.3,104.17 1 1
github.com/balcieren/gormsearch/hooks.go:104.17,106.4 1 0
github.com/balcieren/gormsearch/hooks.go:108.3,109.21 2 1
github.com/balcieren/gormsearch/hooks.go:109.21,111.4 1 1
github.com/balcieren/gormsearch/hooks.go:111.9,113.4 1 0
github.com/balcieren/gormsearch/hooks.go:115.16,116.27 1 1
github.com/balcieren/gormsearch/hooks.go:120.2,121.16 2 1
github.com/balcieren/gormsearch/hooks.go:121.16,123.3 1 1
github.com/balcieren/gormsearch/hooks.go:126.2,126.64 1 1
github.com/balcieren/gormsearch/hooks.go:126.64,127.31 1 0
github.com/balcieren/gormsearch/hooks.go:127.31,129.4 1 0
github.com/balcieren/gormsearch/options.go:12.37,13.25 1 1
github.com/balcieren/gormsearch/options.go:13.25,15.3 1 1
github.com/balcieren/gormsearch/options.go:19.35,20.25 1 1
github.com/balcieren/gormsearch/options.go:20.25,22.3 1 1
github.com/balcieren/gormsearch/options.go:26.42,27.32 1 1
github.com/balcieren/gormsearch/options.go:27.32,29.3 1 1
github.com/balcieren/gormsearch/options.go:33.44,34.32 1 1
github.com/balcieren/gormsearch/options.go:34.32,36.3 1 1
github.com/balcieren/gormsearch/options.go:40.45,41.32 1 1
github.com/balcieren/gormsearch/options.go:41.32,43.3 1 1
github.com/balcieren/gormsearch/options.go:47.44,48.32 1 1
github.com/balcieren/gormsearch/options.go:48.32,50.3 1 1
github.com/balcieren/gormsearch/options.go:54.56,55.25 1 1
github.com/balcieren/gormsearch/options.go:55.25,57.3 1 1
github.com/balcieren/gormsearch/options.go:61.35,62.25 1 1
github.com/balcieren/gormsearch/options.go:62.25,63.12 1 1
github.com/balcieren/gormsearch/options.go:63.12,65.4 1 1
github.com/balcieren/gormsearch/options.go:70.35,71.25 1 1
github.com/balcieren/gormsearch/options.go:71.25,72.12 1 1
github.com/balcieren/gormsearch/options.go:72.12,74.4 1 1
github.com/balcieren/gormsearch/options.go:79.48,80.32 1 1
github.com/balcieren/gormsearch/options.go:80.32,82.3 1 1
github.com/balcieren/gormsearch/options.go:86.50,87.32 1 1
github.com/balcieren/gormsearch/options.go:87.32,89.3 1 1
github.com/balcieren/gormsearch/options.go:102.44,103.25 1 1
github.com/balcieren/gormsearch/options.go:103.25,105.3 1 1
github.com/balcieren/gormsearch/options.go:118.44,119.25 1 1
github.com/balcieren/gormsearch/options.go:119.25,121.3 1 1
github.com/balcieren/gormsearch/options.go:125.42,126.25 1 1
github.com/balcieren/gormsearch/options.go:126.25,128.3 1 1
github.com/balcieren/gormsearch/options.go:133.69,134.25 1 1
github.com/balcieren/gormsearch/options.go:134.25,136.3 1 1
github.com/balcieren/gormsearch/options.go:140.44,141.25 1 1
github.com/balcieren/gormsearch/options.go:141.25,143.3 1 1
github.com/balcieren/gormsearch/options.go:148.61,149.25 1 1
github.com/balcieren/gormsearch/options.go:149.25,151.3 1 1
github.com/balcieren/gormsearch/options.go:155.64,156.25 1 1
github.com/balcieren/gormsearch/options.go:156.25,158.3 1 1
github.com/balcieren/gormsearch/options.go:163.77,164.25 1 1
github.com/balcieren/gormsearch/options.go:164.25,169.3 1 1
github.com/balcieren/gormsearch/parser.go:11.50,13.29 2 1
github.com/balcieren/gormsearch/parser.go:13.29,15.3 1 1
github.com/balcieren/gormsearch/parser.go:17.2,32.20 3 1
github.com/balcieren/gormsearch/parser.go:36.83,37.36 1 1
github.com/balcieren/gormsearch/parser.go:37.36,42.26 3 1
github.com/balcieren/gormsearch/parser.go:42.26,43.12 1 0
github.com/balcieren/gormsearch/parser.go:47.3,47.22 1 1
github.com/balcieren/gormsearch/parser.go:47.22,49.12 2 1
github.com/balcieren/gormsearch/parser.go:53.3,54.16 2 1
github.com/balcieren/gormsearch/parser.go:54.16,55.12 1 1
github.com/balcieren/gormsearch/parser.go:58.3,61.22 2 1
github.com/balcieren/gormsearch/parser.go:61.22,66.4 3 0
github.com/balcieren/gormsearch/parser.go:66.9,66.67 1 1
github.com/balcieren/gormsearch/parser.go:66.67,70.4 2 1
github.com/balcieren/gormsearch/parser.go:73.3,73.67 1 1
github.com/balcieren/gormsearch/parser.go:73.67,76.4 2 1
github.com/balcieren/gormsearch/parser.go:78.3,78.22 1 1
github.com/balcieren/gormsearch/parser.go:78.22,80.4 1 1
github.com/balcieren/gormsearch/parser.go:81.3,81.22 1 1
github.com/balcieren/gormsearch/parser.go:81.22,83.4 1 1
github.com/balcieren/gormsearch/parser.go:84.3,84.20 1 1
github.com/balcieren/gormsearch/parser.go:84.20,86.4 1 1
github.com/balcieren/gormsearch/parser.go:89.3,97.15 3 1
github.com/balcieren/gormsearch/parser.go:97.15,98.43 1 1
github.com/balcieren/gormsearch/parser.go:98.43,100.39 2 1
github.com/balcieren/gormsearch/parser.go:100.39,103.6 2 1
github.com/balcieren/gormsearch/parser.go:107.3,107.69 1 1
github.com/balcieren/gormsearch/parser.go:112.52,115.36 2 1
github.com/balcieren/gormsearch/parser.go:115.36,119.42 3 1
github.com/balcieren/gormsearch/parser.go:119.42,121.4 1 1
github.com/balcieren/gormsearch/parser.go:121.9,121.67 1 1
github.com/balcieren/gormsearch/parser.go:121.67,123.4 1 1
github.com/balcieren/gormsearch/parser.go:125.2,125.27 1 1
github.com/balcieren/gormsearch/parser.go:129.58,135.53 2 1
github.com/balcieren/gormsearch/parser.go:135.53,137.22 2 1
github.com/balcieren/gormsearch/parser.go:137.22,140.4 2 1
github.com/balcieren/gormsearch/parser.go:141.3,141.21 1 1
github.com/balcieren/gormsearch/parser.go:141.21,143.4 1 1
github.com/balcieren/gormsearch/parser.go:147.2,148.21 2 1
github.com/balcieren/gormsearch/parser.go:148.21,151.3 2 1
github.com/balcieren/gormsearch/parser.go:153.2,153.20 1 1
github.com/balcieren/gormsearch/parser.go:153.20,155.31 2 1
github.com/balcieren/gormsearch/parser.go:155.31,156.34 1 1
github.com/balcieren/gormsearch/parser.go:157.22,158.27 1 1
github.com/balcieren/gormsearch/parser.go:159.22,160.27 1 1
github.com/balcieren/gormsearch/parser.go:161.20,162.25 1 1
github.com/balcieren/gormsearch/parser.go:163.22,164.27 1 0
github.com/balcieren/gormsearch/parser.go:165.15,167.27 2 1
github.com/balcieren/gormsearch/parser.go:172.2,172.13 1 1
github.com/balcieren/gormsearch/parser.go:180.35,182.2 1 1
github.com/balcieren/gormsearch/parser.go:188.57,189.44 1 1
github.com/balcieren/gormsearch/parser.go:189.44,191.3 1 1
github.com/balcieren/gormsearch/parser.go:192.2,192.38 1 1
github.com/balcieren/gormsearch/parser.go:192.38,194.3 1 0
github.com/balcieren/gormsearch/parser.go:195.2,195.36 1 1
github.com/balcieren/gormsearch/reflect.go:15.83,16.22 1 1
github.com/balcieren/gormsearch/reflect.go:16.22,18.35 1 1
github.com/balcieren/gormsearch/reflect.go:18.35,20.18 2 1
github.com/balcieren/gormsearch/reflect.go:20.18,22.5 1 0
github.com/balcieren/gormsearch/reflect.go:23.4,23.37 1 1
github.com/balcieren/gormsearch/reflect.go:26.3,26.34 1 1
github.com/balcieren/gormsearch/reflect.go:26.34,28.4 1 1
github.com/balcieren/gormsearch/reflect.go:30.2,30.42 1 1
github.com/balcieren/gormsearch/reflect.go:34.81,39.51 3 1
github.com/balcieren/gormsearch/reflect.go:39.51,42.22 2 1
github.com/balcieren/gormsearch/reflect.go:42.22,44.72 1 1
github.com/balcieren/gormsearch/reflect.go:44.72,48.35 3 1
github.com/balcieren/gormsearch/reflect.go:48.35,53.6 1 1
github.com/balcieren/gormsearch/reflect.go:55.4,55.12 1 1
github.com/balcieren/gormsearch/reflect.go:58.3,58.44 1 1
github.com/balcieren/gormsearch/reflect.go:61.2,61.12 1 1
github.com/balcieren/gormsearch/reflect.go:64.48,65.18 1 1
github.com/balcieren/gormsearch/reflect.go:66.40,67.24 1 1
github.com/balcieren/gormsearch/reflect.go:68.78,69.31 1 1
github.com/balcieren/gormsearch/reflect.go:70.83,71.32 1 1
github.com/balcieren/gormsearch/reflect.go:72.10,73.39 1 1
github.com/balcieren/gormsearch/reflect.go:78.55,82.36 2 1
github.com/balcieren/gormsearch/reflect.go:82.36,84.3 1 1
github.com/balcieren/gormsearch/reflect.go:87.2,88.24 2 1
github.com/balcieren/gormsearch/reflect.go:88.24,89.65 1 1
github.com/balcieren/gormsearch/reflect.go:89.65,91.4 1 0
github.com/balcieren/gormsearch/reflect.go:94.2,94.24 1 1
github.com/balcieren/gormsearch/reflect.go:94.24,96.3 1 1
github.com/balcieren/gormsearch/reflect.go:98.2,98.29 1 1
github.com/balcieren/gormsearch/reflect.go:101.42,103.36 1 1
github.com/balcieren/gormsearch/reflect.go:104.12,105.44 1 1
github.com/balcieren/gormsearch/reflect.go:106.14,107.36 1 1
github.com/balcieren/gormsearch/reflect.go:108.14,109.44 1 1
github.com/balcieren/gormsearch/reflect.go:110.11,111.42 1 1
github.com/balcieren/gormsearch/reflect.go:112.13,113.35 1 1
github.com/balcieren/gormsearch/reflect.go:114.14,115.12 1 1
github.com/balcieren/gormsearch/reflect.go:116.10,117.31 1 1
github.com/balcieren/gormsearch/reflect.go:122.57,126.53 2 1
github.com/balcieren/gormsearch/reflect.go:126.53,128.3 1 1
github.com/balcieren/gormsearch/reflect.go:132.2,133.25 2 1
github.com/balcieren/gormsearch/reflect.go:133.25,135.3 1 1
github.com/balcieren/gormsearch/reflect.go:138.2,139.26 2 1
github.com/balcieren/gormsearch/reflect.go:139.26,141.26 2 0
github.com/balcieren/gormsearch/reflect.go:141.26,143.4 1 0
github.com/balcieren/gormsearch/reflect.go:146.2,146.14 1 1
github.com/balcieren/gormsearch/reflect.go:150.43,152.32 1 1
github.com/balcieren/gormsearch/reflect.go:152.32,154.64 2 1
github.com/balcieren/gormsearch/reflect.go:154.64,156.4 1 1
github.com/balcieren/gormsearch/reflect.go:159.3,160.26 2 0
github.com/balcieren/gormsearch/reflect.go:160.26,161.54 1 0
github.com/balcieren/gormsearch/reflect.go:161.54,163.5 1 0
github.com/balcieren/gormsearch/reflect.go:168.2,168.29 1 1
github.com/balcieren/gormsearch/reflect.go:168.29,170.3 1 1
github.com/balcieren/gormsearch/reflect.go:172.2,172.14 1 0
github.com/balcieren/gormsearch/reflect.go:176.40,178.30 2 1
github.com/balcieren/gormsearch/reflect.go:178.30,179.17 1 1
github.com/balcieren/gormsearch/reflect.go:179.17,181.4 1 0
github.com/balcieren/gormsearch/reflect.go:182.3,182.17 1 1
github.com/balcieren/gormsearch/reflect.go:184.2,184.11 1 1
github.com/balcieren/gormsearch/reflect.go:188.59,190.29 2 1
github.com/balcieren/gormsearch/reflect.go:190.29,192.3 1 1
github.com/balcieren/gormsearch/reflect.go:193.2,193.37 1 1
github.com/balcieren/gormsearch/reflect.go:198.74,204.42 2 1
github.com/balcieren/gormsearch/reflect.go:204.42,206.3 1 1
github.com/balcieren/gormsearch/reflect.go:207.2,214.19 4 1
github.com/balcieren/gormsearch/reflect.go:214.19,217.17 2 1
github.com/balcieren/gormsearch/reflect.go:217.17,219.4 1 0
github.com/balcieren/gormsearch/reflect.go:220.3,220.36 1 1
github.com/balcieren/gormsearch/reflect.go:224.2,224.51 1 1
github.com/balcieren/gormsearch/reflect.go:224.51,226.10 2 1
github.com/balcieren/gormsearch/reflect.go:226.10,227.12 1 0
github.com/balcieren/gormsearch/reflect.go:230.3,231.22 2 1
github.com/balcieren/gormsearch/reflect.go:231.22,232.12 1 0
github.com/balcieren/gormsearch/reflect.go:239.3,239.22 1 1
github.com/balcieren/gormsearch/reflect.go:239.22,240.46 1 0
github.com/balcieren/gormsearch/reflect.go:240.46,241.81 1 0
github.com/balcieren/gormsearch/reflect.go:241.81,243.6 1 0
github.com/balcieren/gormsearch/reflect.go:244.5,244.81 1 0
github.com/balcieren/gormsearch/reflect.go:244.81,246.6 1 0
github.com/balcieren/gormsearch/reflect.go:248.4,248.12 1 0
github.com/balcieren/gormsearch/reflect.go:252.3,252.28 1 1
github.com/balcieren/gormsearch/reflect.go:255.2,255.12 1 1
github.com/balcieren/gormsearch/reflect.go:258.50,259.16 1 1
github.com/balcieren/gormsearch/reflect.go:259.16,261.3 1 1
github.com/balcieren/gormsearch/reflect.go:263.2,263.22 1 1
github.com/balcieren/gormsearch/reflect.go:264.22,265.32 1 1
github.com/balcieren/gormsearch/reflect.go:265.32,267.4 1 1
github.com/balcieren/gormsearch/reflect.go:268.78,269.33 1 1
github.com/balcieren/gormsearch/reflect.go:269.33,271.4 1 1
github.com/balcieren/gormsearch/reflect.go:272.83,273.33 1 1
github.com/balcieren/gormsearch/reflect.go:273.33,275.4 1 1
github.com/balcieren/gormsearch/reflect.go:276.40,277.33 1 1
github.com/balcieren/gormsearch/reflect.go:277.33,279.4 1 1
github.com/balcieren/gormsearch/reflect.go:280.20,281.30 1 1
github.com/balcieren/gormsearch/reflect.go:281.30,283.4 1 1
github.com/balcieren/gormsearch/reflect.go:284.22,286.31 1 1
github.com/balcieren/gormsearch/reflect.go:286.31,287.33 1 1
github.com/balcieren/gormsearch/reflect.go:287.33,288.58 1 1
github.com/balcieren/gormsearch/reflect.go:288.58,290.6 1 1
github.com/balcieren/gormsearch/reflect.go:296.49,297.21 1 1
github.com/balcieren/gormsearch/reflect.go:297.21,299.3 1 0
github.com/balcieren/gormsearch/reflect.go:300.2,300.22 1 1
github.com/balcieren/gormsearch/reflect.go:301.40,302.22 1 1
github.com/balcieren/gormsearch/search.go:11.100,13.16 2 1
github.com/balcieren/gormsearch/search.go:13.16,15.3 1 0
github.com/balcieren/gormsearch/search.go:17.2,17.51 1 1
github.com/balcieren/gormsearch/search.go:17.51,19.3 1 1
github.com/balcieren/gormsearch/search.go:21.2,21.33 1 1
github.com/balcieren/gormsearch/search.go:21.33,23.3 1 1
github.com/balcieren/gormsearch/search.go:25.2,30.27 2 1
github.com/balcieren/gormsearch/search.go:30.27,32.3 1 1
github.com/balcieren/gormsearch/search.go:34.2,41.26 3 1
github.com/balcieren/gormsearch/search.go:41.26,43.3 1 1
github.com/balcieren/gormsearch/search.go:45.2,45.27 1 1
github.com/balcieren/gormsearch/search.go:45.27,47.3 1 1
github.com/balcieren/gormsearch/search.go:49.2,49.29 1 1
github.com/balcieren/gormsearch/search.go:49.29,51.3 1 1
github.com/balcieren/gormsearch/search.go:53.2,53.32 1 1
github.com/balcieren/gormsearch/search.go:53.32,55.3 1 1
github.com/balcieren/gormsearch/search.go:57.2,58.16 2 1
github.com/balcieren/gormsearch/search.go:58.16,60.3 1 1
github.com/balcieren/gormsearch/search.go:62.2,70.8 1 1
github.com/balcieren/gormsearch/search.go:74.90,76.16 2 1
github.com/balcieren/gormsearch/search.go:76.16,78.3 1 0
github.com/balcieren/gormsearch/search.go:80.2,80.23 1 1
github.com/balcieren/gormsearch/search.go:80.23,82.3 1 0
github.com/balcieren/gormsearch/search.go:84.2,86.28 2 1
github.com/balcieren/gormsearch/search.go:86.28,87.54 1 1
github.com/balcieren/gormsearch/search.go:87.54,89.4 1 1
github.com/balcieren/gormsearch/search.go:91.3,91.36 1 1
github.com/balcieren/gormsearch/search.go:91.36,93.4 1 0
github.com/balcieren/gormsearch/search.go:95.3,96.17 2 1
github.com/balcieren/gormsearch/search.go:96.17,98.4 1 1
github.com/balcieren/gormsearch/search.go:99.3,108.21 3 1
github.com/balcieren/gormsearch/search.go:108.21,110.4 1 0
github.com/balcieren/gormsearch/search.go:112.3,112.22 1 1
github.com/balcieren/gormsearch/search.go:112.22,114.4 1 0
github.com/balcieren/gormsearch/search.go:116.3,116.47 1 1
github.com/balcieren/gormsearch/search.go:119.2,122.16 2 1
github.com/balcieren/gormsearch/search.go:122.16,124.3 1 1
github.com/balcieren/gormsearch/search.go:126.2,127.33 2 1
github.com/balcieren/gormsearch/search.go:127.33,136.3 1 1
github.com/balcieren/gormsearch/search.go:138.2,141.8 1 1
github.com/balcieren/gormsearch/search.go:145.36,146.15 1 1
github.com/balcieren/gormsearch/search.go:146.15,148.3 1 1
github.com/balcieren/gormsearch/search.go:149.2,149.22 1 1
github.com/balcieren/gormsearch/search.go:149.22,151.3 1 1
github.com/balcieren/gormsearch/search.go:152.2,152.14 1 1
github.com/balcieren/gormsearch/search.go:157.58,161.27 2 1
github.com/balcieren/gormsearch/search.go:161.27,163.25 2 1
github.com/balcieren/gormsearch/search.go:163.25,166.4 1 1
github.com/balcieren/gormsearch/search.go:167.3,167.29 1 1
github.com/balcieren/gormsearch/search.go:169.2,169.15 1 1
github.com/balcieren/gormsearch/search.go:173.67,174.19 1 1
github.com/balcieren/gormsearch/search.go:174.19,176.3 1 1
github.com/balcieren/gormsearch/search.go:178.2,179.53 2 1
github.com/balcieren/gormsearch/search.go:179.53,181.3 1 1
github.com/balcieren/gormsearch/search.go:182.2,182.15 1 1
github.com/balcieren/gormsearch/types.go:68.70,70.2 1 1
github.com/balcieren/gormsearch/types.go:202.42,203.15 1 1
github.com/balcieren/gormsearch/types.go:203.15,205.3 1 1
github.com/balcieren/gormsearch/types.go:206.2,206.52 1 1
github.com/balcieren/gormsearch/types.go:209.32,209.55 1 1
github.com/balcieren/gormsearch/types.go:210.32,210.43 1 1
